This is pdfTeX, Version 3.141592653-2.6-1.40.22 (TeX Live 2022/dev/Debian) (preloaded format=pdflatex 2025.12.4)  23 FEB 2026 11:13
entering extended mode
 restricted \write18 enabled.
 %&-line parsing enabled.
**main.tex
(./main.tex
LaTeX2e <2021-11-15> patch level 1
L3 programming layer <2022-01-21> (./llncs.cls
Document Class: llncs 2022/09/05 v2.22 
 LaTeX document class for Lecture Notes in Computer Science
(/usr/share/texlive/texmf-dist/tex/latex/base/article.cls
Document Class: article 2021/10/04 v1.4n Standard LaTeX document class
(/usr/share/texlive/texmf-dist/tex/latex/base/size10.clo
File: size10.clo 2021/10/04 v1.4n Standard LaTeX file (size option)
)
\c@part=\count185
\c@section=\count186
\c@subsection=\count187
\c@subsubsection=\count188
\c@paragraph=\count189
\c@subparagraph=\count190
\c@figure=\count191
\c@table=\count192
\abovecaptionskip=\skip47
\belowcaptionskip=\skip48
\bibindent=\dimen138
)
(/usr/share/texlive/texmf-dist/tex/latex/tools/multicol.sty
Package: multicol 2021/10/28 v1.9b multicolumn formatting (FMi)
\c@tracingmulticols=\count193
\mult@box=\box50
\multicol@leftmargin=\dimen139
\c@unbalance=\count194
\c@collectmore=\count195
\doublecol@number=\count196
\multicoltolerance=\count197
\multicolpretolerance=\count198
\full@width=\dimen140
\page@free=\dimen141
\premulticols=\dimen142
\postmulticols=\dimen143
\multicolsep=\skip49
\multicolbaselineskip=\skip50
\partial@page=\box51
\last@line=\box52
\maxbalancingoverflow=\dimen144
\mult@rightbox=\box53
\mult@grightbox=\box54
\mult@firstbox=\box55
\mult@gfirstbox=\box56
\@tempa=\box57
\@tempa=\box58
\@tempa=\box59
\@tempa=\box60
\@tempa=\box61
\@tempa=\box62
\@tempa=\box63
\@tempa=\box64
\@tempa=\box65
\@tempa=\box66
\@tempa=\box67
\@tempa=\box68
\@tempa=\box69
\@tempa=\box70
\@tempa=\box71
\@tempa=\box72
\@tempa=\box73
\@tempa=\box74
\@tempa=\box75
\@tempa=\box76
\@tempa=\box77
\@tempa=\box78
\@tempa=\box79
\@tempa=\box80
\@tempa=\box81
\@tempa=\box82
\@tempa=\box83
\@tempa=\box84
\@tempa=\box85
\@tempa=\box86
\@tempa=\box87
\@tempa=\box88
\@tempa=\box89
\@tempa=\box90
\@tempa=\box91
\@tempa=\box92
\c@minrows=\count199
\c@columnbadness=\count266
\c@finalcolumnbadness=\count267
\last@try=\dimen145
\multicolovershoot=\dimen146
\multicolundershoot=\dimen147
\mult@nat@firstbox=\box93
\colbreak@box=\box94
\mc@col@check@num=\count268
)
(/usr/share/texlive/texmf-dist/tex/latex/oberdiek/aliascnt.sty
Package: aliascnt 2018/09/07 v1.5 Alias counters (HO)
)
\c@chapter=\count269
LaTeX Font Info:    Redeclaring math symbol \Gamma on input line 362.
LaTeX Font Info:    Redeclaring math symbol \Delta on input line 363.
LaTeX Font Info:    Redeclaring math symbol \Theta on input line 364.
LaTeX Font Info:    Redeclaring math symbol \Lambda on input line 365.
LaTeX Font Info:    Redeclaring math symbol \Xi on input line 366.
LaTeX Font Info:    Redeclaring math symbol \Pi on input line 367.
LaTeX Font Info:    Redeclaring math symbol \Sigma on input line 368.
LaTeX Font Info:    Redeclaring math symbol \Upsilon on input line 369.
LaTeX Font Info:    Redeclaring math symbol \Phi on input line 370.
LaTeX Font Info:    Redeclaring math symbol \Psi on input line 371.
LaTeX Font Info:    Redeclaring math symbol \Omega on input line 372.
LaTeX Info: Redefining \vec on input line 377.
\tocchpnum=\dimen148
\tocsecnum=\dimen149
\tocsectotal=\dimen150
\tocsubsecnum=\dimen151
\tocsubsectotal=\dimen152
\tocsubsubsecnum=\dimen153
\tocsubsubsectotal=\dimen154
\tocparanum=\dimen155
\tocparatotal=\dimen156
\tocsubparanum=\dimen157
\@tempcntc=\count270
\fnindent=\dimen158
\c@@inst=\count271
\c@@auth=\count272
\c@auco=\count273
\instindent=\dimen159
\authrun=\box95
\authorrunning=\toks16
\tocauthor=\toks17
\titrun=\box96
\titlerunning=\toks18
\toctitle=\toks19
\c@theorem=\count274
\c@case=\count275
\c@conjecture=\count276
\c@corollary=\count277
\c@definition=\count278
\c@example=\count279
\c@exercise=\count280
\c@lemma=\count281
\c@note=\count282
\c@problem=\count283
\c@property=\count284
\c@proposition=\count285
\c@question=\count286
\c@solution=\count287
\c@remark=\count288
\headlineindent=\dimen160
) (./eccv.sty
Package: eccv LaTeX style for ECCV

(/usr/share/texlive/texmf-dist/tex/latex/silence/silence.sty
Package: silence 2012/07/02 v1.5b Selective filtering of warnings and error mes
sages
\sl@Save=\count289
\sl@StateNumber=\count290
\sl@MessageCount=\count291
\sl@Casualties=\count292
\sl@Filter=\toks20
\sl@Message=\toks21
\sl@UnexpandedMessage=\toks22
\sl@Mess@ge=\toks23
\sl@WarningCount=\count293
\sl@WarningNumber=\count294
\sl@WarningCasualties=\count295
\sl@TempBOW=\toks24
\sl@BankOfWarnings=\toks25
LaTeX Info: Redefining \GenericWarning on input line 433.
\sl@ErrorCount=\count296
\sl@ErrorNumber=\count297
\sl@ErrorCasualties=\count298
\sl@TempBOE=\toks26
\sl@BankOfErrors=\toks27
LaTeX Info: Redefining \GenericError on input line 601.
)
(/usr/share/texlive/texmf-dist/tex/latex/etoolbox/etoolbox.sty
Package: etoolbox 2020/10/05 v2.5k e-TeX tools for LaTeX (JAW)
\etb@tempcnta=\count299
)
(/usr/share/texlive/texmf-dist/tex/latex/base/fontenc.sty
Package: fontenc 2021/04/29 v2.0v Standard LaTeX package
)
(/usr/share/texlive/texmf-dist/tex/latex/lineno/lineno.sty
Package: lineno 2005/11/02 line numbers on paragraphs v4.41
\linenopenalty=\count300
\output=\toks28
\linenoprevgraf=\count301
\linenumbersep=\dimen161
\linenumberwidth=\dimen162
\c@linenumber=\count302
\c@pagewiselinenumber=\count303
\c@LN@truepage=\count304
\c@internallinenumber=\count305
\c@internallinenumbers=\count306
\quotelinenumbersep=\dimen163
\bframerule=\dimen164
\bframesep=\dimen165
\bframebox=\box97
LaTeX Info: Redefining \\ on input line 3056.
)
(/usr/share/texlive/texmf-dist/tex/latex/xcolor/xcolor.sty
Package: xcolor 2021/10/31 v2.13 LaTeX color extensions (UK)

(/usr/share/texlive/texmf-dist/tex/latex/graphics-cfg/color.cfg
File: color.cfg 2016/01/02 v1.6 sample color configuration
)
Package xcolor Info: Driver file: pdftex.def on input line 227.

(/usr/share/texlive/texmf-dist/tex/latex/graphics-def/pdftex.def
File: pdftex.def 2020/10/05 v1.2a Graphics/color driver for pdftex
)
Package xcolor Info: Model `cmy' substituted by `cmy0' on input line 1352.
Package xcolor Info: Model `hsb' substituted by `rgb' on input line 1356.
Package xcolor Info: Model `RGB' extended on input line 1368.
Package xcolor Info: Model `HTML' substituted by `rgb' on input line 1370.
Package xcolor Info: Model `Hsb' substituted by `hsb' on input line 1371.
Package xcolor Info: Model `tHsb' substituted by `hsb' on input line 1372.
Package xcolor Info: Model `HSB' substituted by `hsb' on input line 1373.
Package xcolor Info: Model `Gray' substituted by `gray' on input line 1374.
Package xcolor Info: Model `wave' substituted by `hsb' on input line 1375.

(/usr/share/texlive/texmf-dist/tex/latex/graphics/dvipsnam.def
File: dvipsnam.def 2016/06/17 v3.0m Driver-dependent file (DPC,SPQR)
))
(/usr/share/texlive/texmf-dist/tex/latex/amsmath/amsmath.sty
Package: amsmath 2021/10/15 v2.17l AMS math features
\@mathmargin=\skip51

For additional information on amsmath, use the `?' option.
(/usr/share/texlive/texmf-dist/tex/latex/amsmath/amstext.sty
Package: amstext 2021/08/26 v2.01 AMS text

(/usr/share/texlive/texmf-dist/tex/latex/amsmath/amsgen.sty
File: amsgen.sty 1999/11/30 v2.0 generic functions
\@emptytoks=\toks29
\ex@=\dimen166
))
(/usr/share/texlive/texmf-dist/tex/latex/amsmath/amsbsy.sty
Package: amsbsy 1999/11/29 v1.2d Bold Symbols
\pmbraise@=\dimen167
)
(/usr/share/texlive/texmf-dist/tex/latex/amsmath/amsopn.sty
Package: amsopn 2021/08/26 v2.02 operator names
)
\inf@bad=\count307
LaTeX Info: Redefining \frac on input line 234.
\uproot@=\count308
\leftroot@=\count309
LaTeX Info: Redefining \overline on input line 399.
\classnum@=\count310
\DOTSCASE@=\count311
LaTeX Info: Redefining \ldots on input line 496.
LaTeX Info: Redefining \dots on input line 499.
LaTeX Info: Redefining \cdots on input line 620.
\Mathstrutbox@=\box98
\strutbox@=\box99
\big@size=\dimen168
LaTeX Font Info:    Redeclaring font encoding OML on input line 743.
LaTeX Font Info:    Redeclaring font encoding OMS on input line 744.
\macc@depth=\count312
\c@MaxMatrixCols=\count313
\dotsspace@=\muskip16
\c@parentequation=\count314
\dspbrk@lvl=\count315
\tag@help=\toks30
\row@=\count316
\column@=\count317
\maxfields@=\count318
\andhelp@=\toks31
\eqnshift@=\dimen169
\alignsep@=\dimen170
\tagshift@=\dimen171
\tagwidth@=\dimen172
\totwidth@=\dimen173
\lineht@=\dimen174
\@envbody=\toks32
\multlinegap=\skip52
\multlinetaggap=\skip53
\mathdisplay@stack=\toks33
LaTeX Info: Redefining \[ on input line 2938.
LaTeX Info: Redefining \] on input line 2939.
)
(/usr/share/texlive/texmf-dist/tex/latex/amsfonts/amssymb.sty
Package: amssymb 2013/01/14 v3.01 AMS font symbols

(/usr/share/texlive/texmf-dist/tex/latex/amsfonts/amsfonts.sty
Package: amsfonts 2013/01/14 v3.01 Basic AMSFonts support
\symAMSa=\mathgroup4
\symAMSb=\mathgroup5
LaTeX Font Info:    Redeclaring math symbol \hbar on input line 98.
LaTeX Font Info:    Overwriting math alphabet `\mathfrak' in version `bold'
(Font)                  U/euf/m/n --> U/euf/b/n on input line 106.
))
(/usr/share/texlive/texmf-dist/tex/latex/cite/cite.sty
LaTeX Info: Redefining \cite on input line 302.
LaTeX Info: Redefining \nocite on input line 332.
Package: cite 2015/02/27  v 5.5
)
(/usr/share/texlive/texmf-dist/tex/latex/tools/xspace.sty
Package: xspace 2014/10/28 v1.13 Space after command names (DPC,MH)
)
(/usr/share/texlive/texmf-dist/tex/latex/url/url.sty
\Urlmuskip=\muskip17
Package: url 2013/09/16  ver 3.4  Verb mode for urls, etc.
)
(/usr/share/texlive/texmf-dist/tex/latex/caption/caption.sty
Package: caption 2020/10/26 v3.5g Customizing captions (AR)

(/usr/share/texlive/texmf-dist/tex/latex/caption/caption3.sty
Package: caption3 2020/10/21 v2.2e caption3 kernel (AR)

(/usr/share/texlive/texmf-dist/tex/latex/graphics/keyval.sty
Package: keyval 2014/10/28 v1.15 key=value parser (DPC)
\KV@toks@=\toks34
)
\captionmargin=\dimen175
\captionmargin@=\dimen176
\captionwidth=\dimen177
\caption@tempdima=\dimen178
\caption@indent=\dimen179
\caption@parindent=\dimen180
\caption@hangindent=\dimen181
Package caption Info: Unknown document class (or package),
(caption)             standard defaults will be used.
Package caption Info: \@makecaption = \long macro:#1#2->\small \vskip \abovecap
tionskip \sbox \@tempboxa {{\bfseries #1.} #2}\ifdim \wd \@tempboxa >\hsize {\b
fseries #1.} #2\par \else \global \@minipagefalse \hb@xt@ \hsize {\hfil \box \@
tempboxa \hfil }\fi \vskip \belowcaptionskip  on input line 1139.
)
\c@caption@flags=\count319
\c@continuedfloat=\count320
)
(/usr/share/texlive/texmf-dist/tex/latex/caption/subcaption.sty
Package: subcaption 2020/10/07 v1.3j Sub-captions (AR)
\c@subfigure=\count321
\c@subtable=\count322
)
(/usr/share/texlive/texmf-dist/tex/latex/kvoptions/kvoptions.sty
Package: kvoptions 2020-10-07 v3.14 Key value format for package options (HO)

(/usr/share/texlive/texmf-dist/tex/generic/ltxcmds/ltxcmds.sty
Package: ltxcmds 2020-05-10 v1.25 LaTeX kernel commands for general use (HO)
)
(/usr/share/texlive/texmf-dist/tex/generic/kvsetkeys/kvsetkeys.sty
Package: kvsetkeys 2019/12/15 v1.18 Key value parser (HO)
))
\cv@tmpc@=\count323
\cv@tmpc=\count324

(/usr/share/texlive/texmf-dist/tex/latex/geometry/geometry.sty
Package: geometry 2020/01/02 v5.9 Page Geometry

(/usr/share/texlive/texmf-dist/tex/generic/iftex/ifvtex.sty
Package: ifvtex 2019/10/25 v1.7 ifvtex legacy package. Use iftex instead.

(/usr/share/texlive/texmf-dist/tex/generic/iftex/iftex.sty
Package: iftex 2020/03/06 v1.0d TeX engine tests
))
\Gm@cnth=\count325
\Gm@cntv=\count326
\c@Gm@tempcnt=\count327
\Gm@bindingoffset=\dimen182
\Gm@wd@mp=\dimen183
\Gm@odd@mp=\dimen184
\Gm@even@mp=\dimen185
\Gm@layoutwidth=\dimen186
\Gm@layoutheight=\dimen187
\Gm@layouthoffset=\dimen188
\Gm@layoutvoffset=\dimen189
\Gm@dimlist=\toks35
)) (./eccvabbrv.sty
Package: eccvabbrv Common abbreviations for ECCV
) (/usr/share/texlive/texmf-dist/tex/latex/graphics/graphicx.sty
Package: graphicx 2021/09/16 v1.2d Enhanced LaTeX Graphics (DPC,SPQR)

(/usr/share/texlive/texmf-dist/tex/latex/graphics/graphics.sty
Package: graphics 2021/03/04 v1.4d Standard LaTeX Graphics (DPC,SPQR)

(/usr/share/texlive/texmf-dist/tex/latex/graphics/trig.sty
Package: trig 2021/08/11 v1.11 sin cos tan (DPC)
)
(/usr/share/texlive/texmf-dist/tex/latex/graphics-cfg/graphics.cfg
File: graphics.cfg 2016/06/04 v1.11 sample graphics configuration
)
Package graphics Info: Driver file: pdftex.def on input line 107.
)
\Gin@req@height=\dimen190
\Gin@req@width=\dimen191
)
(/usr/share/texlive/texmf-dist/tex/latex/booktabs/booktabs.sty
Package: booktabs 2020/01/12 v1.61803398 Publication quality tables
\heavyrulewidth=\dimen192
\lightrulewidth=\dimen193
\cmidrulewidth=\dimen194
\belowrulesep=\dimen195
\belowbottomsep=\dimen196
\aboverulesep=\dimen197
\abovetopsep=\dimen198
\cmidrulesep=\dimen199
\cmidrulekern=\dimen256
\defaultaddspace=\dimen257
\@cmidla=\count328
\@cmidlb=\count329
\@aboverulesep=\dimen258
\@belowrulesep=\dimen259
\@thisruleclass=\count330
\@lastruleclass=\count331
\@thisrulewidth=\dimen260
)
(/usr/share/texlive/texmf-dist/tex/latex/axessibility/axessibility.sty
Package: axessibility 

(/usr/share/texlive/texmf-dist/tex/generic/xstring/xstring.sty
(/usr/share/texlive/texmf-dist/tex/generic/xstring/xstring.tex
\integerpart=\count332
\decimalpart=\count333
)
Package: xstring 2021/07/21 v1.84 String manipulations (CT)
)
(/usr/share/texlive/texmf-dist/tex/latex/accsupp/accsupp.sty
Package: accsupp 2019/12/05 v0.6 Accessibility support by marked content (HO)

(/usr/share/texlive/texmf-dist/tex/generic/pdfescape/pdfescape.sty
Package: pdfescape 2019/12/09 v1.15 Implements pdfTeX's escape features (HO)

(/usr/share/texlive/texmf-dist/tex/generic/pdftexcmds/pdftexcmds.sty
Package: pdftexcmds 2020-06-27 v0.33 Utility functions of pdfTeX for LuaTeX (HO
)

(/usr/share/texlive/texmf-dist/tex/generic/infwarerr/infwarerr.sty
Package: infwarerr 2019/12/03 v1.5 Providing info/warning/error messages (HO)
)
Package pdftexcmds Info: \pdf@primitive is available.
Package pdftexcmds Info: \pdf@ifprimitive is available.
Package pdftexcmds Info: \pdfdraftmode found.
))
(/usr/share/texlive/texmf-dist/tex/latex/accsupp/accsupp-pdftex.def
File: accsupp-pdftex.def 2019/12/05 v0.6 accsupp driver for pdfTeX (HO)
))
(/usr/share/texlive/texmf-dist/tex/generic/pdftex/glyphtounicode.tex)
\@mltext=\toks36
\@mltexttmp=\toks37
)
(/usr/share/texlive/texmf-dist/tex/latex/hyperref/hyperref.sty
Package: hyperref 2021-06-07 v7.00m Hypertext links for LaTeX

(/usr/share/texlive/texmf-dist/tex/generic/kvdefinekeys/kvdefinekeys.sty
Package: kvdefinekeys 2019-12-19 v1.6 Define keys (HO)
)
(/usr/share/texlive/texmf-dist/tex/latex/hycolor/hycolor.sty
Package: hycolor 2020-01-27 v1.10 Color options for hyperref/bookmark (HO)
)
(/usr/share/texlive/texmf-dist/tex/latex/letltxmacro/letltxmacro.sty
Package: letltxmacro 2019/12/03 v1.6 Let assignment for LaTeX macros (HO)
)
(/usr/share/texlive/texmf-dist/tex/latex/auxhook/auxhook.sty
Package: auxhook 2019-12-17 v1.6 Hooks for auxiliary files (HO)
)
\@linkdim=\dimen261
\Hy@linkcounter=\count334
\Hy@pagecounter=\count335

(/usr/share/texlive/texmf-dist/tex/latex/hyperref/pd1enc.def
File: pd1enc.def 2021-06-07 v7.00m Hyperref: PDFDocEncoding definition (HO)
Now handling font encoding PD1 ...
... no UTF-8 mapping file for font encoding PD1
)
(/usr/share/texlive/texmf-dist/tex/latex/hyperref/hyperref-langpatches.def
File: hyperref-langpatches.def 2021-06-07 v7.00m Hyperref: patches for babel la
nguages
)
(/usr/share/texlive/texmf-dist/tex/generic/intcalc/intcalc.sty
Package: intcalc 2019/12/15 v1.3 Expandable calculations with integers (HO)
)
(/usr/share/texlive/texmf-dist/tex/generic/etexcmds/etexcmds.sty
Package: etexcmds 2019/12/15 v1.7 Avoid name clashes with e-TeX commands (HO)
)
\Hy@SavedSpaceFactor=\count336

(/usr/share/texlive/texmf-dist/tex/latex/hyperref/puenc.def
File: puenc.def 2021-06-07 v7.00m Hyperref: PDF Unicode definition (HO)
Now handling font encoding PU ...
... no UTF-8 mapping file for font encoding PU
)
Package hyperref Info: Hyper figures OFF on input line 4192.
Package hyperref Info: Link nesting OFF on input line 4197.
Package hyperref Info: Hyper index ON on input line 4200.
Package hyperref Info: Plain pages OFF on input line 4207.
Package hyperref Info: Backreferencing OFF on input line 4212.
Package hyperref Info: Implicit mode ON; LaTeX internals redefined.
Package hyperref Info: Bookmarks ON on input line 4445.
\c@Hy@tempcnt=\count337
LaTeX Info: Redefining \url on input line 4804.
\XeTeXLinkMargin=\dimen262

(/usr/share/texlive/texmf-dist/tex/generic/bitset/bitset.sty
Package: bitset 2019/12/09 v1.3 Handle bit-vector datatype (HO)

(/usr/share/texlive/texmf-dist/tex/generic/bigintcalc/bigintcalc.sty
Package: bigintcalc 2019/12/15 v1.5 Expandable calculations on big integers (HO
)
))
\Fld@menulength=\count338
\Field@Width=\dimen263
\Fld@charsize=\dimen264
Package hyperref Info: Hyper figures OFF on input line 6076.
Package hyperref Info: Link nesting OFF on input line 6081.
Package hyperref Info: Hyper index ON on input line 6084.
Package hyperref Info: backreferencing OFF on input line 6091.
Package hyperref Info: Link coloring OFF on input line 6096.
Package hyperref Info: Link coloring with OCG OFF on input line 6101.
Package hyperref Info: PDF/A mode OFF on input line 6106.
LaTeX Info: Redefining \ref on input line 6146.
LaTeX Info: Redefining \pageref on input line 6150.

(/usr/share/texlive/texmf-dist/tex/latex/base/atbegshi-ltx.sty
Package: atbegshi-ltx 2021/01/10 v1.0c Emulation of the original atbegshi
package with kernel methods
)
\Hy@abspage=\count339
\c@Item=\count340
\c@Hfootnote=\count341
)
Package hyperref Info: Driver (autodetected): hpdftex.

(/usr/share/texlive/texmf-dist/tex/latex/hyperref/hpdftex.def
File: hpdftex.def 2021-06-07 v7.00m Hyperref driver for pdfTeX

(/usr/share/texlive/texmf-dist/tex/latex/base/atveryend-ltx.sty
Package: atveryend-ltx 2020/08/19 v1.0a Emulation of the original atveryend pac
kage
with kernel methods
)
\Fld@listcount=\count342
\c@bookmark@seq@number=\count343

(/usr/share/texlive/texmf-dist/tex/latex/rerunfilecheck/rerunfilecheck.sty
Package: rerunfilecheck 2019/12/05 v1.9 Rerun checks for auxiliary files (HO)

(/usr/share/texlive/texmf-dist/tex/generic/uniquecounter/uniquecounter.sty
Package: uniquecounter 2019/12/15 v1.4 Provide unlimited unique counter (HO)
)
Package uniquecounter Info: New unique counter `rerunfilecheck' on input line 2
86.
)
\Hy@SectionHShift=\skip54
)
(/usr/share/texlive/texmf-dist/tex/latex/orcidlink/orcidlink.sty
Package: orcidlink 2021/06/11 v1.0.4 Linked ORCiD logo macro package

(/usr/share/texlive/texmf-dist/tex/latex/pgf/frontendlayer/tikz.sty
(/usr/share/texlive/texmf-dist/tex/latex/pgf/basiclayer/pgf.sty
(/usr/share/texlive/texmf-dist/tex/latex/pgf/utilities/pgfrcs.sty
(/usr/share/texlive/texmf-dist/tex/generic/pgf/utilities/pgfutil-common.tex
\pgfutil@everybye=\toks38
\pgfutil@tempdima=\dimen265
\pgfutil@tempdimb=\dimen266

(/usr/share/texlive/texmf-dist/tex/generic/pgf/utilities/pgfutil-common-lists.t
ex)) (/usr/share/texlive/texmf-dist/tex/generic/pgf/utilities/pgfutil-latex.def
\pgfutil@abb=\box100
) (/usr/share/texlive/texmf-dist/tex/generic/pgf/utilities/pgfrcs.code.tex
(/usr/share/texlive/texmf-dist/tex/generic/pgf/pgf.revision.tex)
Package: pgfrcs 2021/05/15 v3.1.9a (3.1.9a)
))
Package: pgf 2021/05/15 v3.1.9a (3.1.9a)

(/usr/share/texlive/texmf-dist/tex/latex/pgf/basiclayer/pgfcore.sty
(/usr/share/texlive/texmf-dist/tex/latex/pgf/systemlayer/pgfsys.sty
(/usr/share/texlive/texmf-dist/tex/generic/pgf/systemlayer/pgfsys.code.tex
Package: pgfsys 2021/05/15 v3.1.9a (3.1.9a)

(/usr/share/texlive/texmf-dist/tex/generic/pgf/utilities/pgfkeys.code.tex
\pgfkeys@pathtoks=\toks39
\pgfkeys@temptoks=\toks40

(/usr/share/texlive/texmf-dist/tex/generic/pgf/utilities/pgfkeysfiltered.code.t
ex
\pgfkeys@tmptoks=\toks41
))
\pgf@x=\dimen267
\pgf@y=\dimen268
\pgf@xa=\dimen269
\pgf@ya=\dimen270
\pgf@xb=\dimen271
\pgf@yb=\dimen272
\pgf@xc=\dimen273
\pgf@yc=\dimen274
\pgf@xd=\dimen275
\pgf@yd=\dimen276
\w@pgf@writea=\write3
\r@pgf@reada=\read2
\c@pgf@counta=\count344
\c@pgf@countb=\count345
\c@pgf@countc=\count346
\c@pgf@countd=\count347
\t@pgf@toka=\toks42
\t@pgf@tokb=\toks43
\t@pgf@tokc=\toks44
\pgf@sys@id@count=\count348
 (/usr/share/texlive/texmf-dist/tex/generic/pgf/systemlayer/pgf.cfg
File: pgf.cfg 2021/05/15 v3.1.9a (3.1.9a)
)
Driver file for pgf: pgfsys-pdftex.def

(/usr/share/texlive/texmf-dist/tex/generic/pgf/systemlayer/pgfsys-pdftex.def
File: pgfsys-pdftex.def 2021/05/15 v3.1.9a (3.1.9a)

(/usr/share/texlive/texmf-dist/tex/generic/pgf/systemlayer/pgfsys-common-pdf.de
f
File: pgfsys-common-pdf.def 2021/05/15 v3.1.9a (3.1.9a)
)))
(/usr/share/texlive/texmf-dist/tex/generic/pgf/systemlayer/pgfsyssoftpath.code.
tex
File: pgfsyssoftpath.code.tex 2021/05/15 v3.1.9a (3.1.9a)
\pgfsyssoftpath@smallbuffer@items=\count349
\pgfsyssoftpath@bigbuffer@items=\count350
)
(/usr/share/texlive/texmf-dist/tex/generic/pgf/systemlayer/pgfsysprotocol.code.
tex
File: pgfsysprotocol.code.tex 2021/05/15 v3.1.9a (3.1.9a)
))
(/usr/share/texlive/texmf-dist/tex/generic/pgf/basiclayer/pgfcore.code.tex
Package: pgfcore 2021/05/15 v3.1.9a (3.1.9a)

(/usr/share/texlive/texmf-dist/tex/generic/pgf/math/pgfmath.code.tex
(/usr/share/texlive/texmf-dist/tex/generic/pgf/math/pgfmathcalc.code.tex
(/usr/share/texlive/texmf-dist/tex/generic/pgf/math/pgfmathutil.code.tex)
(/usr/share/texlive/texmf-dist/tex/generic/pgf/math/pgfmathparser.code.tex
\pgfmath@dimen=\dimen277
\pgfmath@count=\count351
\pgfmath@box=\box101
\pgfmath@toks=\toks45
\pgfmath@stack@operand=\toks46
\pgfmath@stack@operation=\toks47
)
(/usr/share/texlive/texmf-dist/tex/generic/pgf/math/pgfmathfunctions.code.tex
(/usr/share/texlive/texmf-dist/tex/generic/pgf/math/pgfmathfunctions.basic.code
.tex)
(/usr/share/texlive/texmf-dist/tex/generic/pgf/math/pgfmathfunctions.trigonomet
ric.code.tex)
(/usr/share/texlive/texmf-dist/tex/generic/pgf/math/pgfmathfunctions.random.cod
e.tex)
(/usr/share/texlive/texmf-dist/tex/generic/pgf/math/pgfmathfunctions.comparison
.code.tex)
(/usr/share/texlive/texmf-dist/tex/generic/pgf/math/pgfmathfunctions.base.code.
tex)
(/usr/share/texlive/texmf-dist/tex/generic/pgf/math/pgfmathfunctions.round.code
.tex)
(/usr/share/texlive/texmf-dist/tex/generic/pgf/math/pgfmathfunctions.misc.code.
tex)
(/usr/share/texlive/texmf-dist/tex/generic/pgf/math/pgfmathfunctions.integerari
thmetics.code.tex)))
(/usr/share/texlive/texmf-dist/tex/generic/pgf/math/pgfmathfloat.code.tex
\c@pgfmathroundto@lastzeros=\count352
))
(/usr/share/texlive/texmf-dist/tex/generic/pgf/math/pgfint.code.tex)
(/usr/share/texlive/texmf-dist/tex/generic/pgf/basiclayer/pgfcorepoints.code.te
x
File: pgfcorepoints.code.tex 2021/05/15 v3.1.9a (3.1.9a)
\pgf@picminx=\dimen278
\pgf@picmaxx=\dimen279
\pgf@picminy=\dimen280
\pgf@picmaxy=\dimen281
\pgf@pathminx=\dimen282
\pgf@pathmaxx=\dimen283
\pgf@pathminy=\dimen284
\pgf@pathmaxy=\dimen285
\pgf@xx=\dimen286
\pgf@xy=\dimen287
\pgf@yx=\dimen288
\pgf@yy=\dimen289
\pgf@zx=\dimen290
\pgf@zy=\dimen291
)
(/usr/share/texlive/texmf-dist/tex/generic/pgf/basiclayer/pgfcorepathconstruct.
code.tex
File: pgfcorepathconstruct.code.tex 2021/05/15 v3.1.9a (3.1.9a)
\pgf@path@lastx=\dimen292
\pgf@path@lasty=\dimen293
)
(/usr/share/texlive/texmf-dist/tex/generic/pgf/basiclayer/pgfcorepathusage.code
.tex
File: pgfcorepathusage.code.tex 2021/05/15 v3.1.9a (3.1.9a)
\pgf@shorten@end@additional=\dimen294
\pgf@shorten@start@additional=\dimen295
)
(/usr/share/texlive/texmf-dist/tex/generic/pgf/basiclayer/pgfcorescopes.code.te
x
File: pgfcorescopes.code.tex 2021/05/15 v3.1.9a (3.1.9a)
\pgfpic=\box102
\pgf@hbox=\box103
\pgf@layerbox@main=\box104
\pgf@picture@serial@count=\count353
)
(/usr/share/texlive/texmf-dist/tex/generic/pgf/basiclayer/pgfcoregraphicstate.c
ode.tex
File: pgfcoregraphicstate.code.tex 2021/05/15 v3.1.9a (3.1.9a)
\pgflinewidth=\dimen296
)
(/usr/share/texlive/texmf-dist/tex/generic/pgf/basiclayer/pgfcoretransformation
s.code.tex
File: pgfcoretransformations.code.tex 2021/05/15 v3.1.9a (3.1.9a)
\pgf@pt@x=\dimen297
\pgf@pt@y=\dimen298
\pgf@pt@temp=\dimen299
)
(/usr/share/texlive/texmf-dist/tex/generic/pgf/basiclayer/pgfcorequick.code.tex
File: pgfcorequick.code.tex 2021/05/15 v3.1.9a (3.1.9a)
)
(/usr/share/texlive/texmf-dist/tex/generic/pgf/basiclayer/pgfcoreobjects.code.t
ex
File: pgfcoreobjects.code.tex 2021/05/15 v3.1.9a (3.1.9a)
)
(/usr/share/texlive/texmf-dist/tex/generic/pgf/basiclayer/pgfcorepathprocessing
.code.tex
File: pgfcorepathprocessing.code.tex 2021/05/15 v3.1.9a (3.1.9a)
)
(/usr/share/texlive/texmf-dist/tex/generic/pgf/basiclayer/pgfcorearrows.code.te
x
File: pgfcorearrows.code.tex 2021/05/15 v3.1.9a (3.1.9a)
\pgfarrowsep=\dimen300
)
(/usr/share/texlive/texmf-dist/tex/generic/pgf/basiclayer/pgfcoreshade.code.tex
File: pgfcoreshade.code.tex 2021/05/15 v3.1.9a (3.1.9a)
\pgf@max=\dimen301
\pgf@sys@shading@range@num=\count354
\pgf@shadingcount=\count355
)
(/usr/share/texlive/texmf-dist/tex/generic/pgf/basiclayer/pgfcoreimage.code.tex
File: pgfcoreimage.code.tex 2021/05/15 v3.1.9a (3.1.9a)

(/usr/share/texlive/texmf-dist/tex/generic/pgf/basiclayer/pgfcoreexternal.code.
tex
File: pgfcoreexternal.code.tex 2021/05/15 v3.1.9a (3.1.9a)
\pgfexternal@startupbox=\box105
))
(/usr/share/texlive/texmf-dist/tex/generic/pgf/basiclayer/pgfcorelayers.code.te
x
File: pgfcorelayers.code.tex 2021/05/15 v3.1.9a (3.1.9a)
)
(/usr/share/texlive/texmf-dist/tex/generic/pgf/basiclayer/pgfcoretransparency.c
ode.tex
File: pgfcoretransparency.code.tex 2021/05/15 v3.1.9a (3.1.9a)
)
(/usr/share/texlive/texmf-dist/tex/generic/pgf/basiclayer/pgfcorepatterns.code.
tex
File: pgfcorepatterns.code.tex 2021/05/15 v3.1.9a (3.1.9a)
)
(/usr/share/texlive/texmf-dist/tex/generic/pgf/basiclayer/pgfcorerdf.code.tex
File: pgfcorerdf.code.tex 2021/05/15 v3.1.9a (3.1.9a)
)))
(/usr/share/texlive/texmf-dist/tex/generic/pgf/modules/pgfmoduleshapes.code.tex
File: pgfmoduleshapes.code.tex 2021/05/15 v3.1.9a (3.1.9a)
\pgfnodeparttextbox=\box106
) (/usr/share/texlive/texmf-dist/tex/generic/pgf/modules/pgfmoduleplot.code.tex
File: pgfmoduleplot.code.tex 2021/05/15 v3.1.9a (3.1.9a)
)
(/usr/share/texlive/texmf-dist/tex/latex/pgf/compatibility/pgfcomp-version-0-65
.sty
Package: pgfcomp-version-0-65 2021/05/15 v3.1.9a (3.1.9a)
\pgf@nodesepstart=\dimen302
\pgf@nodesepend=\dimen303
)
(/usr/share/texlive/texmf-dist/tex/latex/pgf/compatibility/pgfcomp-version-1-18
.sty
Package: pgfcomp-version-1-18 2021/05/15 v3.1.9a (3.1.9a)
)) (/usr/share/texlive/texmf-dist/tex/latex/pgf/utilities/pgffor.sty
(/usr/share/texlive/texmf-dist/tex/latex/pgf/utilities/pgfkeys.sty
(/usr/share/texlive/texmf-dist/tex/generic/pgf/utilities/pgfkeys.code.tex))
(/usr/share/texlive/texmf-dist/tex/latex/pgf/math/pgfmath.sty
(/usr/share/texlive/texmf-dist/tex/generic/pgf/math/pgfmath.code.tex))
(/usr/share/texlive/texmf-dist/tex/generic/pgf/utilities/pgffor.code.tex
Package: pgffor 2021/05/15 v3.1.9a (3.1.9a)

(/usr/share/texlive/texmf-dist/tex/generic/pgf/math/pgfmath.code.tex)
\pgffor@iter=\dimen304
\pgffor@skip=\dimen305
\pgffor@stack=\toks48
\pgffor@toks=\toks49
))
(/usr/share/texlive/texmf-dist/tex/generic/pgf/frontendlayer/tikz/tikz.code.tex
Package: tikz 2021/05/15 v3.1.9a (3.1.9a)

(/usr/share/texlive/texmf-dist/tex/generic/pgf/libraries/pgflibraryplothandlers
.code.tex
File: pgflibraryplothandlers.code.tex 2021/05/15 v3.1.9a (3.1.9a)
\pgf@plot@mark@count=\count356
\pgfplotmarksize=\dimen306
)
\tikz@lastx=\dimen307
\tikz@lasty=\dimen308
\tikz@lastxsaved=\dimen309
\tikz@lastysaved=\dimen310
\tikz@lastmovetox=\dimen311
\tikz@lastmovetoy=\dimen312
\tikzleveldistance=\dimen313
\tikzsiblingdistance=\dimen314
\tikz@figbox=\box107
\tikz@figbox@bg=\box108
\tikz@tempbox=\box109
\tikz@tempbox@bg=\box110
\tikztreelevel=\count357
\tikznumberofchildren=\count358
\tikznumberofcurrentchild=\count359
\tikz@fig@count=\count360

(/usr/share/texlive/texmf-dist/tex/generic/pgf/modules/pgfmodulematrix.code.tex
File: pgfmodulematrix.code.tex 2021/05/15 v3.1.9a (3.1.9a)
\pgfmatrixcurrentrow=\count361
\pgfmatrixcurrentcolumn=\count362
\pgf@matrix@numberofcolumns=\count363
)
\tikz@expandcount=\count364

(/usr/share/texlive/texmf-dist/tex/generic/pgf/frontendlayer/tikz/libraries/tik
zlibrarytopaths.code.tex
File: tikzlibrarytopaths.code.tex 2021/05/15 v3.1.9a (3.1.9a)
)))
(/usr/share/texlive/texmf-dist/tex/generic/pgf/frontendlayer/tikz/libraries/tik
zlibrarysvg.path.code.tex
File: tikzlibrarysvg.path.code.tex 2021/05/15 v3.1.9a (3.1.9a)

(/usr/share/texlive/texmf-dist/tex/generic/pgf/libraries/pgflibrarysvg.path.cod
e.tex
File: pgflibrarysvg.path.code.tex 2021/05/15 v3.1.9a (3.1.9a)

(/usr/share/texlive/texmf-dist/tex/generic/pgf/modules/pgfmoduleparser.code.tex
File: pgfmoduleparser.code.tex 2021/05/15 v3.1.9a (3.1.9a)
\pgfparserdef@arg@count=\count365
)
\pgf@lib@svg@last@x=\dimen315
\pgf@lib@svg@last@y=\dimen316
\pgf@lib@svg@last@c@x=\dimen317
\pgf@lib@svg@last@c@y=\dimen318
\pgf@lib@svg@count=\count366
\pgf@lib@svg@max@num=\count367
))
\@curXheight=\skip55
) (/usr/share/texlive/texmf-dist/tex/latex/cleveref/cleveref.sty
Package: cleveref 2018/03/27 v0.21.4 Intelligent cross-referencing
Package cleveref Info: `hyperref' support loaded on input line 2370.
LaTeX Info: Redefining \cref on input line 2370.
LaTeX Info: Redefining \Cref on input line 2370.
LaTeX Info: Redefining \crefrange on input line 2370.
LaTeX Info: Redefining \Crefrange on input line 2370.
LaTeX Info: Redefining \cpageref on input line 2370.
LaTeX Info: Redefining \Cpageref on input line 2370.
LaTeX Info: Redefining \cpagerefrange on input line 2370.
LaTeX Info: Redefining \Cpagerefrange on input line 2370.
LaTeX Info: Redefining \labelcref on input line 2370.
LaTeX Info: Redefining \labelcpageref on input line 2370.
Package cleveref Info: `aliascnt' support loaded on input line 3193.
Package cleveref Info: always capitalise cross-reference names on input line 78
30.
Package cleveref Info: always capitalise cross-reference names on input line 78
52.
)
(/usr/share/texlive/texmf-dist/tex/latex/l3backend/l3backend-pdftex.def
File: l3backend-pdftex.def 2022-01-12 L3 backend support: PDF output (pdfTeX)
\l__color_backend_stack_int=\count368
\l__pdf_internal_box=\box111
)
No file main.aux.
\openout1 = `main.aux'.

LaTeX Font Info:    Checking defaults for OML/cmm/m/it on input line 57.
LaTeX Font Info:    ... okay on input line 57.
LaTeX Font Info:    Checking defaults for OMS/cmsy/m/n on input line 57.
LaTeX Font Info:    ... okay on input line 57.
LaTeX Font Info:    Checking defaults for OT1/cmr/m/n on input line 57.
LaTeX Font Info:    ... okay on input line 57.
LaTeX Font Info:    Checking defaults for T1/cmr/m/n on input line 57.
LaTeX Font Info:    ... okay on input line 57.
LaTeX Font Info:    Checking defaults for TS1/cmr/m/n on input line 57.
LaTeX Font Info:    ... okay on input line 57.
LaTeX Font Info:    Checking defaults for OMX/cmex/m/n on input line 57.
LaTeX Font Info:    ... okay on input line 57.
LaTeX Font Info:    Checking defaults for U/cmr/m/n on input line 57.
LaTeX Font Info:    ... okay on input line 57.
LaTeX Font Info:    Checking defaults for PD1/pdf/m/n on input line 57.
LaTeX Font Info:    ... okay on input line 57.
LaTeX Font Info:    Checking defaults for PU/pdf/m/n on input line 57.
LaTeX Font Info:    ... okay on input line 57.
(/usr/share/texlive/texmf-dist/tex/context/base/mkii/supp-pdf.mkii
[Loading MPS to PDF converter (version 2006.09.02).]
\scratchcounter=\count369
\scratchdimen=\dimen319
\scratchbox=\box112
\nofMPsegments=\count370
\nofMParguments=\count371
\everyMPshowfont=\toks50
\MPscratchCnt=\count372
\MPscratchDim=\dimen320
\MPnumerator=\count373
\makeMPintoPDFobject=\count374
\everyMPtoPDFconversion=\toks51
) (/usr/share/texlive/texmf-dist/tex/latex/epstopdf-pkg/epstopdf-base.sty
Package: epstopdf-base 2020-01-24 v2.11 Base part for package epstopdf

(/usr/share/texlive/texmf-dist/tex/latex/grfext/grfext.sty
Package: grfext 2019/12/03 v1.3 Manage graphics extensions (HO)
)
Package epstopdf-base Info: Redefining graphics rule for `.eps' on input line 4
85.
Package grfext Info: Graphics extension search list:
(grfext)             [.pdf,.png,.jpg,.mps,.jpeg,.jbig2,.jb2,.PDF,.PNG,.JPG,.JPE
G,.JBIG2,.JB2,.eps]
(grfext)             \AppendGraphicsExtensions on input line 504.

(/usr/share/texlive/texmf-dist/tex/latex/latexconfig/epstopdf-sys.cfg
File: epstopdf-sys.cfg 2010/07/13 v1.3 Configuration of (r)epstopdf for TeX Liv
e
))
Package caption Info: Begin \AtBeginDocument code.
Package caption Info: hyperref package is loaded.
Package caption Info: End \AtBeginDocument code.


Package eccv Warning: Package `hyperref' is not loaded with option `pagebackref
', which is strongly recommended for review version.

*geometry* driver: auto-detecting
*geometry* detected driver: pdftex
*geometry* verbose mode - [ preamble ] result:
* driver: pdftex
* paper: custom
* layout: <same size as paper>
* layoutoffset:(h,v)=(0.0pt,0.0pt)
* modes: twoside 
* h-part:(L,W,R)=(34.1433pt, 347.12361pt, 34.14333pt)
* v-part:(T,H,B)=(34.1433pt, 549.13818pt, 34.14331pt)
* \paperwidth=415.41023pt
* \paperheight=617.42479pt
* \textwidth=347.12361pt
* \textheight=549.13818pt
* \oddsidemargin=-38.1267pt
* \evensidemargin=-38.12666pt
* \topmargin=-66.1267pt
* \headheight=12.0pt
* \headsep=16.0pt
* \topskip=10.0pt
* \footskip=30.0pt
* \marginparwidth=90.0pt
* \marginparsep=11.0pt
* \columnsep=10.0pt
* \skip\footins=9.0pt plus 4.0pt minus 2.0pt
* \hoffset=0.0pt
* \voffset=0.0pt
* \mag=1000
* \@twocolumnfalse
* \@twosidetrue
* \@mparswitchtrue
* \@reversemarginfalse
* (1in=72.27pt=25.4mm, 1cm=28.453pt)

Package hyperref Info: Link coloring OFF on input line 57.
(/usr/share/texlive/texmf-dist/tex/latex/hyperref/nameref.sty
Package: nameref 2021-04-02 v2.47 Cross-referencing by name of section

(/usr/share/texlive/texmf-dist/tex/latex/refcount/refcount.sty
Package: refcount 2019/12/15 v3.6 Data extraction from label references (HO)
)
(/usr/share/texlive/texmf-dist/tex/generic/gettitlestring/gettitlestring.sty
Package: gettitlestring 2019/12/15 v1.6 Cleanup title references (HO)
)
\c@section@level=\count375
)
LaTeX Info: Redefining \ref on input line 57.
LaTeX Info: Redefining \pageref on input line 57.
LaTeX Info: Redefining \nameref on input line 57.
\@outlinefile=\write4
\openout4 = `main.out'.

LaTeX Font Info:    Trying to load font information for T1+cmss on input line 8
7.

(/usr/share/texlive/texmf-dist/tex/latex/base/t1cmss.fd
File: t1cmss.fd 2019/12/16 v2.5j Standard LaTeX font definitions
)
LaTeX Font Info:    Trying to load font information for U+msa on input line 87.


(/usr/share/texlive/texmf-dist/tex/latex/amsfonts/umsa.fd
File: umsa.fd 2013/01/14 v3.01 AMS symbols A
)
LaTeX Font Info:    Trying to load font information for U+msb on input line 87.


(/usr/share/texlive/texmf-dist/tex/latex/amsfonts/umsb.fd
File: umsb.fd 2013/01/14 v3.01 AMS symbols B
)

Package hyperref Warning: Token not allowed in a PDF string (Unicode):
(hyperref)                removing `\\' on input line 87.

(./sec/0_abstract.tex
Overfull \hbox (0.82515pt too wide) in paragraph at lines 3--7
\T1/cmr/m/n/9 sub-stan-tially im-proved med-i-cal im-age un-der-stand-ing and r
e-port-ing. How-
 []


Overfull \hbox (47.66997pt too wide) in paragraph at lines 3--7
\T1/cmr/m/n/9 med-i-cal rea-son-ing. Our code is avail-able at https://anonymou
s.4open.science/r/Med-
 []

) (./sec/1_intro.tex

LaTeX Warning: Citation `Li2023LLaVAMed' on page 1 undefined on input line 4.


LaTeX Warning: Citation `Moor2023MedFlamingo' on page 1 undefined on input line
 4.


LaTeX Warning: Citation `Royer2024MultiMedEval' on page 1 undefined on input li
ne 4.

<figs/cvpr_fig1.png, id=7, 1056.94875pt x 749.80125pt>
File: figs/cvpr_fig1.png Graphic file (type png)
<use figs/cvpr_fig1.png>
Package pdftex.def Info: figs/cvpr_fig1.png  used on input line 8.
(pdftex.def)             Requested size: 173.5618pt x 123.11693pt.

LaTeX Warning: Citation `rafailov2023direct' on page 1 undefined on input line 
14.


LaTeX Warning: Citation `Zhu2025MMedPO' on page 1 undefined on input line 14.

) (./sec/2_relatedworks.tex [1

{/var/lib/texmf/fonts/map/pdftex/updmap/pdftex.map}]

LaTeX Warning: Citation `Christiano2017RLHF' on page 2 undefined on input line 
7.


LaTeX Warning: Citation `Schulman2017PPO' on page 2 undefined on input line 7.


LaTeX Warning: Citation `ouyang2022training' on page 2 undefined on input line 
7.


LaTeX Warning: Citation `Ethayarajh2024KTO' on page 2 undefined on input line 7
.


LaTeX Warning: Citation `liustatistical' on page 2 undefined on input line 7.


LaTeX Warning: Citation `hong2024reference' on page 2 undefined on input line 7
.


LaTeX Warning: Citation `meng2024simpo' on page 2 undefined on input line 7.


LaTeX Warning: Citation `wu2025selfplay' on page 2 undefined on input line 7.


LaTeX Warning: Citation `liu2025survey' on page 2 undefined on input line 7.


LaTeX Warning: Reference `supp:related' on page 2 undefined on input line 7.


LaTeX Warning: Citation `banerjee2024direct' on page 2 undefined on input line 
7.


LaTeX Warning: Citation `sun2024stllava' on page 2 undefined on input line 7.


LaTeX Warning: Citation `hein2024preference' on page 2 undefined on input line 
7.


LaTeX Warning: Citation `Zhu2025MMedPO' on page 2 undefined on input line 9.


LaTeX Warning: Citation `Zhi2025MedGR2' on page 2 undefined on input line 9.


LaTeX Warning: Citation `Royer2024MultiMedEval' on page 2 undefined on input li
ne 10.


LaTeX Warning: Citation `Cui2023GPT4VHallucination' on page 2 undefined on inpu
t line 10.


Overfull \hbox (4.31279pt too wide) in paragraph at lines 6--13
\T1/cmr/bx/n/10 Preference Op-ti-miza-tion for Med-LVLMs. \T1/cmr/m/n/10 Pref-e
r-ence op-ti-miza-tion is widely
 []


LaTeX Warning: Citation `pearl2009causality' on page 2 undefined on input line 
15.


LaTeX Warning: Citation `shao2024knowledge' on page 2 undefined on input line 1
7.


LaTeX Warning: Citation `li2024multimodal' on page 2 undefined on input line 17
.


LaTeX Warning: Citation `zhou2025learning' on page 2 undefined on input line 17
.


LaTeX Warning: Citation `liu2025crcl' on page 2 undefined on input line 17.


LaTeX Warning: Citation `liu2022contextual' on page 2 undefined on input line 1
7.


LaTeX Warning: Citation `wang2022causal' on page 2 undefined on input line 17.


LaTeX Warning: Citation `wei2022causal' on page 2 undefined on input line 17.


LaTeX Warning: Citation `liu2025causal' on page 2 undefined on input line 17.


LaTeX Warning: Citation `wang2025beyond' on page 2 undefined on input line 19.


LaTeX Warning: Citation `xu2025structure' on page 2 undefined on input line 20.



Overfull \hbox (11.83873pt too wide) in paragraph at lines 14--23
\T1/cmr/bx/n/10 Causal Ref-er-ence. \T1/cmr/m/n/10 Causal in-fer-ence [\T1/cmr/
bx/n/10 ?\T1/cmr/m/n/10 ] un-cov-ers cause^^Ueffect mech-a-nisms through
 []

[2 <./figs/cvpr_fig1.png>]) (./sec/3_preliminaries.tex

LaTeX Warning: Citation `rafailov2023direct' on page 3 undefined on input line 
10.


LaTeX Font Warning: Command \small invalid in math mode on input line 22.

LaTeX Font Info:    Calculating math sizes for size <> on input line 22.

LaTeX Font Warning: Font shape `OT1/cmr/m/n' in size <> not available
(Font)              size <5> substituted on input line 22.


LaTeX Font Warning: Font shape `OT1/cmr/m/n' in size <0.7> not available
(Font)              size <5> substituted on input line 22.


LaTeX Font Warning: Font shape `OT1/cmr/m/n' in size <0.5> not available
(Font)              size <5> substituted on input line 22.


LaTeX Font Warning: Font shape `OML/cmm/m/it' in size <> not available
(Font)              size <5> substituted on input line 22.


LaTeX Font Warning: Font shape `OML/cmm/m/it' in size <0.7> not available
(Font)              size <5> substituted on input line 22.


LaTeX Font Warning: Font shape `OML/cmm/m/it' in size <0.5> not available
(Font)              size <5> substituted on input line 22.


LaTeX Font Warning: Font shape `OMS/cmsy/m/n' in size <> not available
(Font)              size <5> substituted on input line 22.


LaTeX Font Warning: Font shape `OMS/cmsy/m/n' in size <0.7> not available
(Font)              size <5> substituted on input line 22.


LaTeX Font Warning: Font shape `OMS/cmsy/m/n' in size <0.5> not available
(Font)              size <5> substituted on input line 22.


LaTeX Warning: Reference `supp:pref_optim' on page 3 undefined on input line 23
.

<figs/cvpr_fig2.png, id=34, 1397.22pt x 366.36874pt>
File: figs/cvpr_fig2.png Graphic file (type png)
<use figs/cvpr_fig2.png>
Package pdftex.def Info: figs/cvpr_fig2.png  used on input line 27.
(pdftex.def)             Requested size: 156.20456pt x 40.95474pt.

LaTeX Warning: Citation `pearl2009causality' on page 3 undefined on input line 
32.


LaTeX Warning: Reference `fig:c1' on page 3 undefined on input line 32.

[3 <./figs/cvpr_fig2.png>]

LaTeX Warning: Citation `pearl2014interpretation' on page 4 undefined on input 
line 34.


LaTeX Warning: Citation `pearl2016causal' on page 4 undefined on input line 45.


) (./sec/4_methodology.tex
<figs/cvpr_fig3.png, id=57, 1688.3075pt x 375.4025pt>
File: figs/cvpr_fig3.png Graphic file (type png)
<use figs/cvpr_fig3.png>
Package pdftex.def Info: figs/cvpr_fig3.png  used on input line 8.
(pdftex.def)             Requested size: 156.20456pt x 34.7299pt.


LaTeX Warning: Reference `fig:scm' on page 4 undefined on input line 15.


LaTeX Warning: Citation `zech2018variable' on page 4 undefined on input line 18
.


LaTeX Warning: Citation `irvin2019chexpert' on page 4 undefined on input line 2
4.

[4 <./figs/cvpr_fig3.png>]

LaTeX Font Warning: Command \small invalid in math mode on input line 47.

[5]

LaTeX Warning: Reference `eq:causal_reward_def' on page 6 undefined on input li
ne 70.


LaTeX Warning: Reference `eq:tie' on page 6 undefined on input line 74.


LaTeX Font Warning: Command \small invalid in math mode on input line 90.

[6]

LaTeX Warning: Reference `ass:bounded' on page 7 undefined on input line 121.


LaTeX Font Warning: Command \small invalid in math mode on input line 141.


LaTeX Warning: Reference `supp:theory' on page 7 undefined on input line 148.

<figs/cvpr_fig4.png, id=93, 1573.88pt x 552.0625pt>
File: figs/cvpr_fig4.png Graphic file (type png)
<use figs/cvpr_fig4.png>
Package pdftex.def Info: figs/cvpr_fig4.png  used on input line 152.
(pdftex.def)             Requested size: 312.40912pt x 109.57658pt.

LaTeX Warning: Reference `eq:preference' on page 7 undefined on input line 161.



LaTeX Warning: Reference `fig:structure' on page 7 undefined on input line 161.



LaTeX Warning: Citation `Zhu2025MMedPO' on page 7 undefined on input line 164.


LaTeX Warning: Citation `achiam2023gpt' on page 7 undefined on input line 164.

[7 <./figs/cvpr_fig4.png>]

LaTeX Warning: Reference `tab:causal_validation' on page 8 undefined on input l
ine 170.


Overfull \hbox (6.41263pt too wide) in paragraph at lines 172--175
\T1/cmr/m/n/10 the over-all pref-er-ence dataset $\OMS/cmsy/m/n/10 D[] \OT1/cmr
/m/n/10 = \OMS/cmsy/m/n/10 D[] [ D[] \OT1/cmr/m/n/10 = [](\OML/cmm/m/it/10 x[];
 x[]; x[]; x[]; y[]; y[]\OT1/cmr/m/n/10 )[][]$\T1/cmr/m/n/10 ,
 []


LaTeX Font Warning: Command \small invalid in math mode on input line 192.


Underfull \vbox (badness 10000) has occurred while \output is active []

 [8]

LaTeX Font Warning: Command \small invalid in math mode on input line 209.

) (./sec/5_experiments.tex

LaTeX Warning: Citation `lau2018dataset' on page 9 undefined on input line 7.


LaTeX Warning: Citation `liu2021slake' on page 9 undefined on input line 7.


LaTeX Warning: Citation `demner2015preparing' on page 9 undefined on input line
 7.


LaTeX Warning: Citation `johnson2019mimic' on page 9 undefined on input line 7.



LaTeX Warning: Reference `supp:data' on page 9 undefined on input line 7.

! Undefined control sequence.
<recently read> \multirow 
                          
l.47 }
      
The control sequence at the end of the top line
of your error message was never \def'ed. If you have
misspelled it (e.g., `\hobx'), type `I' and the correct
spelling (e.g., `I\hbox'). Otherwise just continue,
and I'll forget about whatever was undefined.

! Undefined control sequence.
<recently read> \rowcolor 
                          
l.47 }
      
The control sequence at the end of the top line
of your error message was never \def'ed. If you have
misspelled it (e.g., `\hobx'), type `I' and the correct
spelling (e.g., `I\hbox'). Otherwise just continue,
and I'll forget about whatever was undefined.

! Undefined control sequence.
<recently read> \rowcolor 
                          
l.47 }
      
The control sequence at the end of the top line
of your error message was never \def'ed. If you have
misspelled it (e.g., `\hobx'), type `I' and the correct
spelling (e.g., `I\hbox'). Otherwise just continue,
and I'll forget about whatever was undefined.

! Undefined control sequence.
<recently read> \rowcolor 
                          
l.47 }
      
The control sequence at the end of the top line
of your error message was never \def'ed. If you have
misspelled it (e.g., `\hobx'), type `I' and the correct
spelling (e.g., `I\hbox'). Otherwise just continue,
and I'll forget about whatever was undefined.

! Undefined control sequence.
<recently read> \rowcolor 
                          
l.47 }
      
The control sequence at the end of the top line
of your error message was never \def'ed. If you have
misspelled it (e.g., `\hobx'), type `I' and the correct
spelling (e.g., `I\hbox'). Otherwise just continue,
and I'll forget about whatever was undefined.

! Undefined control sequence.
<recently read> \rowcolor 
                          
l.47 }
      
The control sequence at the end of the top line
of your error message was never \def'ed. If you have
misspelled it (e.g., `\hobx'), type `I' and the correct
spelling (e.g., `I\hbox'). Otherwise just continue,
and I'll forget about whatever was undefined.

! Undefined control sequence.
<recently read> \rowcolor 
                          
l.47 }
      
The control sequence at the end of the top line
of your error message was never \def'ed. If you have
misspelled it (e.g., `\hobx'), type `I' and the correct
spelling (e.g., `I\hbox'). Otherwise just continue,
and I'll forget about whatever was undefined.


LaTeX Warning: Citation `Li2023LLaVAMed' on page 9 undefined on input line 58.


LaTeX Warning: Citation `sun2024stllava' on page 9 undefined on input line 58.


LaTeX Warning: Citation `rafailov2023direct' on page 9 undefined on input line 
58.


LaTeX Warning: Citation `Zhu2025MMedPO' on page 9 undefined on input line 58.


LaTeX Warning: Citation `wang2024mdpo' on page 9 undefined on input line 59.


LaTeX Warning: Citation `wu2025selfplay' on page 9 undefined on input line 59.


LaTeX Warning: Reference `tab:main_results' on page 9 undefined on input line 6
5.


LaTeX Warning: Citation `Zhu2025MMedPO' on page 9 undefined on input line 65.

[9]

LaTeX Warning: Citation `dedeo2020radgraph' on page 10 undefined on input line 
67.


LaTeX Warning: Reference `tab:radgraph' on page 10 undefined on input line 67.


LaTeX Warning: Reference `tab:main_results' on page 10 undefined on input line 
89.


LaTeX Warning: Citation `Zhu2025MMedPO' on page 10 undefined on input line 89.


Underfull \vbox (badness 1024) has occurred while \output is active []

 [10]

LaTeX Warning: Citation `wang2024mdpo' on page 11 undefined on input line 91.

! Undefined control sequence.
<recently read> \multirow 
                          
l.119 }
       
The control sequence at the end of the top line
of your error message was never \def'ed. If you have
misspelled it (e.g., `\hobx'), type `I' and the correct
spelling (e.g., `I\hbox'). Otherwise just continue,
and I'll forget about whatever was undefined.

! Undefined control sequence.
<recently read> \multirow 
                          
l.155 }
       
The control sequence at the end of the top line
of your error message was never \def'ed. If you have
misspelled it (e.g., `\hobx'), type `I' and the correct
spelling (e.g., `I\hbox'). Otherwise just continue,
and I'll forget about whatever was undefined.


LaTeX Warning: Reference `tab:causal_validation' on page 11 undefined on input 
line 159.


LaTeX Warning: Reference `fig:seg_analysis' on page 11 undefined on input line 
162.

[11]

LaTeX Warning: Reference `tab:ablation' on page 12 undefined on input line 165.



LaTeX Warning: Reference `supp:cases' on page 12 undefined on input line 165.


LaTeX Warning: Reference `supp:cases' on page 12 undefined on input line 168.

<figs/cvpr_fig5.png, id=134, 1062.97125pt x 931.48pt>
File: figs/cvpr_fig5.png Graphic file (type png)
<use figs/cvpr_fig5.png>
Package pdftex.def Info: figs/cvpr_fig5.png  used on input line 173.
(pdftex.def)             Requested size: 163.14851pt x 142.95657pt.

LaTeX Warning: Reference `supp:cases' on page 12 undefined on input line 182.


LaTeX Warning: Reference `fig:case' on page 12 undefined on input line 182.

[12]) (./sec/6_conclusion.tex)
No file main.bbl.
(./sec/X_suppl.tex [13 <./figs/cvpr_fig5.png>]
! Undefined control sequence.
l.3 \maketitlesupplementary
                           
The control sequence at the end of the top line
of your error message was never \def'ed. If you have
misspelled it (e.g., `\hobx'), type `I' and the correct
spelling (e.g., `I\hbox'). Otherwise just continue,
and I'll forget about whatever was undefined.

pdfTeX warning (ext4): destination with the same identifier (name{section.1.1})
 has been already used, duplicate ignored
<to be read again> 
                   \relax 
l.11 \section{Detailed Preliminaries}
                                     

LaTeX Warning: Citation `Christiano2017RLHF' on page 1 undefined on input line 
15.


LaTeX Warning: Citation `Schulman2017PPO' on page 1 undefined on input line 16.



LaTeX Warning: Citation `Bradley1952BT' on page 1 undefined on input line 17.


LaTeX Warning: Citation `rafailov2023direct' on page 1 undefined on input line 
28.


LaTeX Font Warning: Command \small invalid in math mode on input line 43.

pdfTeX warning (ext4): destination with the same identifier (name{section.1.2})
 has been already used, duplicate ignored
<to be read again> 
                   \relax 
l.71 ...roof of Theorem \ref{thm:tie_convergence}}
                                                  

LaTeX Warning: Reference `thm:tie_convergence' on page 1 undefined on input lin
e 71.


! LaTeX Error: Environment assumption undefined.

See the LaTeX manual or LaTeX Companion for explanation.
Type  H <return>  for immediate help.
 ...                                              
                                                  
l.79 \begin{assumption}
                       [Boundedness and realizability]
Your command was ignored.
Type  I <command> <return>  to replace it with another command,
or  <return>  to continue without it.


! LaTeX Error: \begin{document} ended by \end{assumption}.

See the LaTeX manual or LaTeX Companion for explanation.
Type  H <return>  for immediate help.
 ...                                              
                                                  
l.85 \end{assumption}
                     
Your command was ignored.
Type  I <command> <return>  to replace it with another command,
or  <return>  to continue without it.


Overfull \hbox (2.22041pt too wide) in paragraph at lines 105--112
[]\T1/cmr/m/n/10 Let $\OML/cmm/m/it/10 Z[] \OT1/cmr/m/n/10 = [][] \OML/cmm/m/it
/10 ^^Y[]\OT1/cmr/m/n/10 (\OML/cmm/m/it/10 y \OMS/cmsy/m/n/10 j \OML/cmm/m/it/1
0 x; e\OT1/cmr/m/n/10 )\OML/cmm/m/it/10 e[]$ \T1/cmr/m/n/10 and $\OML/cmm/m/it/
10 Z[] \OT1/cmr/m/n/10 = [][] \OML/cmm/m/it/10 ^^Y[]\OT1/cmr/m/n/10 (\OML/cmm/m
/it/10 y \OMS/cmsy/m/n/10 j \OML/cmm/m/it/10 x\OT1/cmr/m/n/10 )\OML/cmm/m/it/10
 e[]$
 []

pdfTeX warning (ext4): destination with the same identifier (name{page.1}) has 
been already used, duplicate ignored
<to be read again> 
                   \relax 
l.112 \]
         [1

]
Overfull \hbox (16.61066pt too wide) in paragraph at lines 120--127
\T1/cmr/m/n/10 gives $[]\OT1/cmr/m/n/10 (\OML/cmm/m/it/10 q[]\OMS/cmsy/m/n/10 k
\OML/cmm/m/it/10 q[]\OT1/cmr/m/n/10 ) \OMS/cmsy/m/n/10 ^^T \OT1/cmr/m/n/10 2\OM
L/cmm/m/it/10 ^^Q"$\T1/cmr/m/n/10 . Ap-ply-ing Pinsker's in-equal-ity, $\OMS/cm
sy/m/n/10 k\OML/cmm/m/it/10 q[] \OMS/cmsy/m/n/10 ^^@ \OML/cmm/m/it/10 q[]\OMS/c
msy/m/n/10 k[] ^^T [] ^^T
 []


LaTeX Warning: Reference `ass:bounded' on page 2 undefined on input line 132.


LaTeX Font Warning: Command \small invalid in math mode on input line 152.


LaTeX Warning: Reference `ass:bounded' on page 2 undefined on input line 191.


LaTeX Warning: Reference `lem:onestep' on page 2 undefined on input line 200.


LaTeX Font Warning: Command \small invalid in math mode on input line 217.


Overfull \hbox (4.458pt too wide) in paragraph at lines 217--235
\T1/cmr/m/n/10 Discard the non-neg-a-tive left term to ob-tain $[][][] \U/msb/m
/n/10 E[]\OT1/cmr/m/n/10 [[][](\OML/cmm/m/it/10 r[]\OT1/cmr/m/n/10 )] \OMS/cmsy
/m/n/10 ^^T [][]\OT1/cmr/m/n/10 (\OML/cmm/m/it/10 ^^Y[]\OMS/cmsy/m/n/10 k\OML/c
mm/m/it/10 ^^Y[]\OT1/cmr/m/n/10 ) +
 []


Overfull \hbox (56.4907pt too wide) in paragraph at lines 217--235
[] \OMS/cmsy/m/n/10 jYj$\T1/cmr/m/n/10 . By con-vex-ity of KL and Jensen's in-e
qual-ity, $[]\U/msb/m/n/10 E[][]\OT1/cmr/m/n/10 ([]\OMS/cmsy/m/n/10 k\OML/cmm/m
/it/10 ^^Y[]\OT1/cmr/m/n/10 )[] \OMS/cmsy/m/n/10 ^^T [] [][] \U/msb/m/n/10 E\OT
1/cmr/m/n/10 [[](\OML/cmm/m/it/10 ^^Y[]\OMS/cmsy/m/n/10 k\OML/cmm/m/it/10 ^^Y[]
\OT1/cmr/m/n/10 )] =
 []


Overfull \hbox (24.54585pt too wide) in paragraph at lines 217--235
\OML/cmm/m/it/10 O [][] \OT1/cmr/m/n/10 + \OML/cmm/m/it/10 ^^QR[][]:[]$ \T1/cmr
/m/n/10 Choos-ing $\OML/cmm/m/it/10 ^^Q \OT1/cmr/m/n/10 = []$ \T1/cmr/m/n/10 ba
l-ances the terms and yields $[][]\OT1/cmr/m/n/10 ([]\OMS/cmsy/m/n/10 k\OML/cmm
/m/it/10 ^^Y[]\OT1/cmr/m/n/10 ) =
 []

pdfTeX warning (ext4): destination with the same identifier (name{page.2}) has 
been already used, duplicate ignored
<to be read again> 
                   \relax 
l.235 
       [2]

LaTeX Warning: Reference `lem:bias' on page 3 undefined on input line 254.


LaTeX Warning: Reference `lem:bias' on page 3 undefined on input line 269.


Overfull \hbox (34.28888pt too wide) in paragraph at lines 273--279
[]\T1/cmr/bx/n/10 (Performance gap in causal util-ity). [][] \T1/cmr/m/it/10 Le
t $\OML/cmm/m/it/10 J\OT1/cmr/m/n/10 (\OML/cmm/m/it/10 ^^Y\OT1/cmr/m/n/10 ) = \
U/msb/m/n/10 E[]E[]\OT1/cmr/m/n/10 [\OML/cmm/m/it/10 r[]\OT1/cmr/m/n/10 (\OML/c
mm/m/it/10 x; y\OT1/cmr/m/n/10 )]$\T1/cmr/m/it/10 .
 []


LaTeX Warning: Reference `thm:biasfloor' on page 3 undefined on input line 285.



LaTeX Warning: Reference `thm:tie_convergence' on page 3 undefined on input lin
e 285.


Overfull \hbox (24.29504pt too wide) in paragraph at lines 283--286
[]\T1/cmr/m/n/10 By Hölder and Pinsker, $\OMS/cmsy/m/n/10 j\OML/cmm/m/it/10 J\O
T1/cmr/m/n/10 (\OML/cmm/m/it/10 ^^Y\OT1/cmr/m/n/10 ) \OMS/cmsy/m/n/10 ^^@ \OML/
cmm/m/it/10 J\OT1/cmr/m/n/10 (\OML/cmm/m/it/10 ^^Y[]\OT1/cmr/m/n/10 )\OMS/cmsy/
m/n/10 j ^^T \OML/cmm/m/it/10 R[] \OMS/cmsy/m/n/10 k\OML/cmm/m/it/10 ^^Y \OMS/c
msy/m/n/10 ^^@ \OML/cmm/m/it/10 ^^Y[]\OMS/cmsy/m/n/10 k[] ^^T \OML/cmm/m/it/10 
R[][]$\T1/cmr/m/n/10 .
 []

pdfTeX warning (ext4): destination with the same identifier (name{section.1.3})
 has been already used, duplicate ignored
<to be read again> 
                   \relax 
l.293 \section{Data}
                    pdfTeX warning (ext4): destination with the same identifier
 (name{page.3}) has been already used, duplicate ignored
<to be read again> 
                   \relax 
l.296 
       [3]

LaTeX Warning: Reference `tab:data_splits' on page 4 undefined on input line 29
7.


LaTeX Warning: Citation `liu2021slake' on page 4 undefined on input line 297.


LaTeX Warning: Citation `Lau2018VQARAD' on page 4 undefined on input line 297.


LaTeX Warning: Citation `johnson2019mimic' on page 4 undefined on input line 29
7.


LaTeX Warning: Citation `demner2015preparing' on page 4 undefined on input line
 297.


LaTeX Warning: Citation `liu2021slake' on page 4 undefined on input line 318.


LaTeX Warning: Citation `Lau2018VQARAD' on page 4 undefined on input line 319.


LaTeX Warning: Citation `demner2015preparing' on page 4 undefined on input line
 320.


LaTeX Warning: Citation `johnson2019mimic' on page 4 undefined on input line 32
1.

pdfTeX warning (ext4): destination with the same identifier (name{section.1.4})
 has been already used, duplicate ignored
<to be read again> 
                   \relax 
l.327 \section{Baselines}
                         

LaTeX Warning: Citation `sun2024stllava' on page 4 undefined on input line 332.



Overfull \hbox (4.6136pt too wide) in paragraph at lines 332--333
[]\T1/cmr/bx/n/10 STLLaVA-Med \T1/cmr/m/n/10 [\T1/cmr/bx/n/10 ?\T1/cmr/m/n/10 ]
 is a self-training ap-proach for med-i-cal question-answering
 []


LaTeX Warning: Citation `wang2024mdpo' on page 4 undefined on input line 334.


LaTeX Warning: Citation `wu2025selfplay' on page 4 undefined on input line 336.



LaTeX Warning: Citation `Zhu2025MMedPO' on page 4 undefined on input line 338.

pdfTeX warning (ext4): destination with the same identifier (name{page.4}) has 
been already used, duplicate ignored
<to be read again> 
                   \relax 
l.339 
       [4]pdfTeX warning (ext4): destination with the same identifier (name{sec
tion.1.5}) has been already used, duplicate ignored
<to be read again> 
                   \relax 
l.341 \section{Additional Experimental Results}
                                               pdfTeX warning (ext4): destinati
on with the same identifier (name{subsection.1.5.1}) has been already used, dup
licate ignored
<to be read again> 
                   \relax 
l.344 \subsection{Formula of Causal Weighted DPO}
                                                 

LaTeX Font Warning: Command \small invalid in math mode on input line 359.

pdfTeX warning (ext4): destination with the same identifier (name{subsection.1.
5.2}) has been already used, duplicate ignored
<to be read again> 
                   \relax 
l.367 \subsection{Additional Ablation Studies}
                                              

pdfTeX warning: pdflatex (file ./figs/supp_ablation.pdf): PDF inclusion: found 
PDF version <1.7>, but at most version <1.6> allowed
<figs/supp_ablation.pdf, id=171, 569.12625pt x 542.025pt>
File: figs/supp_ablation.pdf Graphic file (type pdf)
<use figs/supp_ablation.pdf>
Package pdftex.def Info: figs/supp_ablation.pdf  used on input line 371.
(pdftex.def)             Requested size: 347.12361pt x 330.60995pt.
pdfTeX warning (ext4): destination with the same identifier (name{page.5}) has 
been already used, duplicate ignored
<to be read again> 
                   \relax 
l.383 
       [5]
! Undefined control sequence.
<recently read> \multirow 
                          
l.406 }
       
The control sequence at the end of the top line
of your error message was never \def'ed. If you have
misspelled it (e.g., `\hobx'), type `I' and the correct
spelling (e.g., `I\hbox'). Otherwise just continue,
and I'll forget about whatever was undefined.


LaTeX Warning: Reference `tab:ratio_ablation' on page 6 undefined on input line
 411.


Underfull \vbox (badness 10000) has occurred while \output is active []

pdfTeX warning (ext4): destination with the same identifier (name{page.6}) has 
been already used, duplicate ignored
<to be read again> 
                   \relax 
l.412 
       [6 <./figs/supp_ablation.pdf>]pdfTeX warning (ext4): destination with th
e same identifier (name{subsection.1.5.3}) has been already used, duplicate ign
ored
<to be read again> 
                   \relax 
l.414 \subsection{VQA Case Studies}
                                   

LaTeX Warning: Reference `fig:open_vqa_cases' on page 7 undefined on input line
 418.



pdfTeX warning: pdflatex (file ./figs/case/3.pdf): PDF inclusion: found PDF ver
sion <1.7>, but at most version <1.6> allowed
<figs/case/3.pdf, id=193, 1062.97125pt x 726.715pt>
File: figs/case/3.pdf Graphic file (type pdf)
<use figs/case/3.pdf>
Package pdftex.def Info: figs/case/3.pdf  used on input line 422.
(pdftex.def)             Requested size: 138.84732pt x 94.91982pt.
pdfTeX warning (ext4): destination with the same identifier (name{page.7}) has 
been already used, duplicate ignored
<to be read again> 
                   \relax 
l.428 
       [7 <./figs/case/3.pdf>]

LaTeX Warning: Reference `fig:close_vqa_cases' on page 8 undefined on input lin
e 431.



pdfTeX warning: pdflatex (file ./figs/case/6.pdf): PDF inclusion: found PDF ver
sion <1.7>, but at most version <1.6> allowed
<figs/case/6.pdf, id=403, 1062.97125pt x 832.10875pt>
File: figs/case/6.pdf Graphic file (type pdf)
<use figs/case/6.pdf>
Package pdftex.def Info: figs/case/6.pdf  used on input line 435.
(pdftex.def)             Requested size: 138.84732pt x 108.6858pt.

Overfull \hbox (0.45708pt too wide) in paragraph at lines 440--441
\T1/cmr/m/n/10 spleen?" re-gard-ing an MRI im-age show-ing an ax-ial ab-dom-i-n
al slice, our causality-
 []

pdfTeX warning (ext4): destination with the same identifier (name{subsection.1.
5.4}) has been already used, duplicate ignored
<to be read again> 
                   \relax 
l.442 \subsection{Report Generation Case Studies}
                                                 

LaTeX Warning: Reference `fig:report_generation' on page 8 undefined on input l
ine 444.



pdfTeX warning: pdflatex (file ./figs/case/1.pdf): PDF inclusion: found PDF ver
sion <1.7>, but at most version <1.6> allowed
<figs/case/1.pdf, id=404, 1062.97125pt x 809.0225pt>
File: figs/case/1.pdf Graphic file (type pdf)
<use figs/case/1.pdf>
Package pdftex.def Info: figs/case/1.pdf  used on input line 448.
(pdftex.def)             Requested size: 138.84732pt x 105.6704pt.
pdfTeX warning (ext4): destination with the same identifier (name{page.8}) has 
been already used, duplicate ignored
<to be read again> 
                   \relax 
l.454 
       [8 <./figs/case/6.pdf>]pdfTeX warning (ext4): destination with the same 
identifier (name{section.1.6}) has been already used, duplicate ignored
<to be read again> 
                   \relax 
l.457 \section{Related Works}
                             

LaTeX Warning: Citation `ouyang2022training' on page 9 undefined on input line 
460.


LaTeX Warning: Citation `liu2025survey' on page 9 undefined on input line 460.


LaTeX Warning: Citation `Christiano2017RLHF' on page 9 undefined on input line 
461.


LaTeX Warning: Citation `Schulman2017PPO' on page 9 undefined on input line 461
.


LaTeX Warning: Citation `rafailov2023direct' on page 9 undefined on input line 
461.


LaTeX Warning: Citation `Bradley1952BT' on page 9 undefined on input line 461.


LaTeX Warning: Citation `Ethayarajh2024KTO' on page 9 undefined on input line 4
62.


LaTeX Warning: Citation `liustatistical' on page 9 undefined on input line 462.



LaTeX Warning: Citation `hong2024reference' on page 9 undefined on input line 4
62.


LaTeX Warning: Citation `meng2024simpo' on page 9 undefined on input line 462.


LaTeX Warning: Citation `wu2025selfplay' on page 9 undefined on input line 462.



LaTeX Warning: Citation `wang2024mdpo' on page 9 undefined on input line 463.

)
Overfull \hbox (6.0221pt too wide) in paragraph at lines 459--100
\T1/cmr/bx/n/10 Preference Op-ti-miza-tion for LMs/LVLMs. \T1/cmr/m/n/10 Pref-e
r-ence op-ti-miza-tion is widely
 []

pdfTeX warning (ext4): destination with the same identifier (name{page.9}) has 
been already used, duplicate ignored
<to be read again> 
                   \relax 
l.100 
       [9 <./figs/case/1.pdf>]pdfTeX warning (ext4): destination with the same 
identifier (name{page.10}) has been already used, duplicate ignored
<to be read again> 
                   \relax 
l.511 \end{document}
                     [10]

! LaTeX Error: \begin{proof} on input line 199 ended by \end{document}.

See the LaTeX manual or LaTeX Companion for explanation.
Type  H <return>  for immediate help.
 ...                                              
                                                  
l.511 \end{document}
                    
Your command was ignored.
Type  I <command> <return>  to replace it with another command,
or  <return>  to continue without it.

(./main.aux)

LaTeX Font Warning: Size substitutions with differences
(Font)              up to 4.5pt have occurred.


LaTeX Warning: There were undefined references.


LaTeX Warning: Label(s) may have changed. Rerun to get cross-references right.


Package rerunfilecheck Warning: File `main.out' has changed.
(rerunfilecheck)                Rerun to get outlines right
(rerunfilecheck)                or use package `bookmark'.

Package rerunfilecheck Info: Checksums for `main.out':
(rerunfilecheck)             Before: <no file>
(rerunfilecheck)             After:  999A5F4FD05A4A8D8AB9D11EE5C8A62E;490.
 )
(\end occurred inside a group at level 1)

### semi simple group (level 1) entered at line 199 (\begingroup)
### bottom level 
Here is how much of TeX's memory you used:
 26098 strings out of 480171
 491199 string characters out of 5894489
 802934 words of memory out of 5000000
 43502 multiletter control sequences out of 15000+600000
 491046 words of font info for 77 fonts, out of 8000000 for 9000
 59 hyphenation exceptions out of 8191
 99i,14n,94p,1819b,556s stack positions out of 5000i,500n,10000p,200000b,80000s
 </root/.texlive2021/texmf-var/fonts/pk/ljfour/jknappen/ec/ecti
0700.600pk> </root/.texlive2021/texmf-var/fonts/pk/ljfour/jknappen/ec/ecrm0700.
600pk> </root/.texlive2021/texmf-var/fonts/pk/ljfour/jknappen/ec/ecrm0500.600pk
> </root/.texlive2021/texmf-var/fonts/pk/ljfour/jknappen/ec/ecrm0600.600pk> </r
oot/.texlive2021/texmf-var/fonts/pk/ljfour/jknappen/ec/ecti1000.600pk> </root/.
texlive2021/texmf-var/fonts/pk/ljfour/jknappen/ec/ecbx1000.600pk> </root/.texli
ve2021/texmf-var/fonts/pk/ljfour/jknappen/ec/ecbx1200.600pk> </root/.texlive202
1/texmf-var/fonts/pk/ljfour/jknappen/ec/ecbx0900.600pk> </root/.texlive2021/tex
mf-var/fonts/pk/ljfour/jknappen/ec/ecrm0900.600pk> </root/.texlive2021/texmf-va
r/fonts/pk/ljfour/jknappen/ec/ecrm1000.600pk> </root/.texlive2021/texmf-var/fon
ts/pk/ljfour/jknappen/ec/ecss0700.600pk> </root/.texlive2021/texmf-var/fonts/pk
/ljfour/jknappen/ec/ecbx1440.600pk></usr/share/texlive/texmf-dist/fonts/type1/p
ublic/amsfonts/cm/cmex10.pfb></usr/share/texlive/texmf-dist/fonts/type1/public/
amsfonts/cmextra/cmex9.pfb></usr/share/texlive/texmf-dist/fonts/type1/public/am
sfonts/cm/cmmi10.pfb></usr/share/texlive/texmf-dist/fonts/type1/public/amsfonts
/cm/cmmi5.pfb></usr/share/texlive/texmf-dist/fonts/type1/public/amsfonts/cm/cmm
i6.pfb></usr/share/texlive/texmf-dist/fonts/type1/public/amsfonts/cm/cmmi7.pfb>
</usr/share/texlive/texmf-dist/fonts/type1/public/amsfonts/cm/cmmi9.pfb></usr/s
hare/texlive/texmf-dist/fonts/type1/public/amsfonts/cm/cmr10.pfb></usr/share/te
xlive/texmf-dist/fonts/type1/public/amsfonts/cm/cmr5.pfb></usr/share/texlive/te
xmf-dist/fonts/type1/public/amsfonts/cm/cmr6.pfb></usr/share/texlive/texmf-dist
/fonts/type1/public/amsfonts/cm/cmr7.pfb></usr/share/texlive/texmf-dist/fonts/t
ype1/public/amsfonts/cm/cmr9.pfb></usr/share/texlive/texmf-dist/fonts/type1/pub
lic/amsfonts/cm/cmsy10.pfb></usr/share/texlive/texmf-dist/fonts/type1/public/am
sfonts/cm/cmsy5.pfb></usr/share/texlive/texmf-dist/fonts/type1/public/amsfonts/
cm/cmsy6.pfb></usr/share/texlive/texmf-dist/fonts/type1/public/amsfonts/cm/cmsy
7.pfb></usr/share/texlive/texmf-dist/fonts/type1/public/amsfonts/cm/cmsy9.pfb><
/usr/share/texlive/texmf-dist/fonts/type1/public/amsfonts/symbols/msbm10.pfb>
Output written on main.pdf (23 pages, 137612554 bytes).
PDF statistics:
 1480 PDF objects out of 1728 (max. 8388607)
 595 compressed objects within 6 object streams
 77 named destinations out of 1000 (max. 500000)
 58 words of extra memory for PDF output out of 10000 (max. 10000000)

